2026-08-17 20:50:10,584 | INFO | MainThread | logging to runs/run_20260817_205010_lora_train_st1_none_FacebookAI_roberta-base.log
2026-08-17 20:50:10,585 | INFO | MainThread | config: {'train': 'public_data_dev/train.jsonl', 'dev': 'public_data_dev/dev.jsonl', 'model': 'FacebookAI/roberta-base', 'local': False, 'context': 'full', 'max_length': 512, 'epochs': 5, 'batch_size': 16, 'grad_accum_steps': 1, 'lr': 0.0002, 'head_lr': None, 'warmup_ratio': 0.06, 'lora_r': 8, 'lora_alpha': 16, 'lora_dropout': 0.1, 'target_modules': 'query,value', 'class_weight': True, 'oversample_none': 3, 'threshold': 0.5, 'sample_size': None, 'test_holdout': 500, 'split_seed': None, 'seed': 42, 'device': None, 'output_dir': 'runs/st1-none-roberta-classweight-oversample', 'no_wandb': True} device=cuda
2026-08-17 20:50:10,759 | INFO | MainThread | train/test-holdout split (fresh random split every run unless --split-seed is pinned): split_seed=1303442023 train=1853 test_holdout=500
2026-08-17 20:50:10,761 | INFO | MainThread | train=1853 (none=25, 1.3%) dev=504 (none=14, 2.8%)
2026-08-17 20:50:10,761 | INFO | MainThread | oversampled none 3x: train now 1903 instances
2026-08-17 20:50:10,995 | INFO | MainThread | class_weight: not_none=1.041 none=25.373
Warning: You are sending unauthenticated requests to the HF Hub. Please set a HF_TOKEN to enable higher rate limits and faster downloads.
Loading weights:   0%|          | 0/197 [00:00<?, ?it/s]Loading weights: 100%|██████████| 197/197 [00:00<00:00, 3242.16it/s]
[transformers] [1mRobertaForSequenceClassification LOAD REPORT[0m from: FacebookAI/roberta-base
Key                        | Status     | 
---------------------------+------------+-
lm_head.layer_norm.bias    | UNEXPECTED | 
lm_head.dense.weight       | UNEXPECTED | 
lm_head.bias               | UNEXPECTED | 
lm_head.layer_norm.weight  | UNEXPECTED | 
lm_head.dense.bias         | UNEXPECTED | 
classifier.out_proj.bias   | MISSING    | 
classifier.dense.bias      | MISSING    | 
classifier.out_proj.weight | MISSING    | 
classifier.dense.weight    | MISSING    | 

Notes:
- UNEXPECTED:	can be ignored when loading from different task/architecture; not ok if you expect identical arch.
- MISSING:	those params were newly initialized because missing from the checkpoint. Consider training on your downstream task.
trainable params: 887,042 || all params: 125,534,212 || trainable%: 0.7066
epoch 1/5:   0%|          | 0/119 [00:00<?, ?it/s][transformers] `use_return_dict` is deprecated! Use `return_dict` instead!
[W817 20:50:12.803859261 CUDACachingAllocator.cpp:3933] memory allocation failed with OOM on device 0 while trying to allocate 100663296 bytes (free: 86114304, total: 23686938624).
[W817 20:50:13.951555560 CUDACachingAllocator.cpp:3933] memory allocation failed with OOM on device 0 while trying to allocate 100663296 bytes (free: 10616832, total: 23686938624).
[W817 20:50:13.951715108 CUDACachingAllocator.cpp:3933] memory allocation failed with OOM on device 0 while trying to allocate 100663296 bytes (free: 10616832, total: 23686938624).
epoch 1/5:   0%|          | 0/119 [00:00<?, ?it/s]
Traceback (most recent call last):
  File "/home/ubuntu/Github/childsafeads_emnllp/src/lora/lora_train_st1_none.py", line 425, in <module>
    main()
  File "/home/ubuntu/Github/childsafeads_emnllp/src/lora/lora_train_st1_none.py", line 357, in main
    logits = model(input_ids=batch["input_ids"], attention_mask=batch["attention_mask"]).logits
             ^^^^^^^^^^^^^^^^^^^^^^^^^^^^^^^^^^^^^^^^^^^^^^^^^^^^^^^^^^^^^^^^^^^^^^^^^^^
  File "/home/ubuntu/Github/childsafeads_emnllp/.venv/lib/python3.12/site-packages/torch/nn/modules/module.py", line 1778, in _wrapped_call_impl
    return self._call_impl(*args, **kwargs)
           ^^^^^^^^^^^^^^^^^^^^^^^^^^^^^^^^
  File "/home/ubuntu/Github/childsafeads_emnllp/.venv/lib/python3.12/site-packages/torch/nn/modules/module.py", line 1789, in _call_impl
    return forward_call(*args, **kwargs)
           ^^^^^^^^^^^^^^^^^^^^^^^^^^^^^
  File "/home/ubuntu/Github/childsafeads_emnllp/.venv/lib/python3.12/site-packages/peft/peft_model.py", line 1902, in forward
    return self.base_model(
           ^^^^^^^^^^^^^^^^
  File "/home/ubuntu/Github/childsafeads_emnllp/.venv/lib/python3.12/site-packages/torch/nn/modules/module.py", line 1778, in _wrapped_call_impl
    return self._call_impl(*args, **kwargs)
           ^^^^^^^^^^^^^^^^^^^^^^^^^^^^^^^^
  File "/home/ubuntu/Github/childsafeads_emnllp/.venv/lib/python3.12/site-packages/torch/nn/modules/module.py", line 1789, in _call_impl
    return forward_call(*args, **kwargs)
           ^^^^^^^^^^^^^^^^^^^^^^^^^^^^^
  File "/home/ubuntu/Github/childsafeads_emnllp/.venv/lib/python3.12/site-packages/peft/tuners/tuners_utils.py", line 333, in forward
    return self.model.forward(*args, **kwargs)
           ^^^^^^^^^^^^^^^^^^^^^^^^^^^^^^^^^^^
  File "/home/ubuntu/Github/childsafeads_emnllp/.venv/lib/python3.12/site-packages/transformers/utils/generic.py", line 911, in wrapper
    output = func(self, *args, **kwargs)
             ^^^^^^^^^^^^^^^^^^^^^^^^^^^
  File "/home/ubuntu/Github/childsafeads_emnllp/.venv/lib/python3.12/site-packages/transformers/models/roberta/modeling_roberta.py", line 948, in forward
    outputs = self.roberta(
              ^^^^^^^^^^^^^
  File "/home/ubuntu/Github/childsafeads_emnllp/.venv/lib/python3.12/site-packages/torch/nn/modules/module.py", line 1778, in _wrapped_call_impl
    return self._call_impl(*args, **kwargs)
           ^^^^^^^^^^^^^^^^^^^^^^^^^^^^^^^^
  File "/home/ubuntu/Github/childsafeads_emnllp/.venv/lib/python3.12/site-packages/torch/nn/modules/module.py", line 1789, in _call_impl
    return forward_call(*args, **kwargs)
           ^^^^^^^^^^^^^^^^^^^^^^^^^^^^^
  File "/home/ubuntu/Github/childsafeads_emnllp/.venv/lib/python3.12/site-packages/transformers/utils/generic.py", line 1040, in wrapper
    output = func(self, *args, **kwargs)
             ^^^^^^^^^^^^^^^^^^^^^^^^^^^
  File "/home/ubuntu/Github/childsafeads_emnllp/.venv/lib/python3.12/site-packages/transformers/utils/output_capturing.py", line 262, in wrapper
    outputs = func(self, *args, **kwargs)
              ^^^^^^^^^^^^^^^^^^^^^^^^^^^
  File "/home/ubuntu/Github/childsafeads_emnllp/.venv/lib/python3.12/site-packages/transformers/models/roberta/modeling_roberta.py", line 630, in forward
    encoder_outputs = self.encoder(
                      ^^^^^^^^^^^^^
  File "/home/ubuntu/Github/childsafeads_emnllp/.venv/lib/python3.12/site-packages/torch/nn/modules/module.py", line 1778, in _wrapped_call_impl
    return self._call_impl(*args, **kwargs)
           ^^^^^^^^^^^^^^^^^^^^^^^^^^^^^^^^
  File "/home/ubuntu/Github/childsafeads_emnllp/.venv/lib/python3.12/site-packages/torch/nn/modules/module.py", line 1789, in _call_impl
    return forward_call(*args, **kwargs)
           ^^^^^^^^^^^^^^^^^^^^^^^^^^^^^
  File "/home/ubuntu/Github/childsafeads_emnllp/.venv/lib/python3.12/site-packages/transformers/models/roberta/modeling_roberta.py", line 513, in forward
    hidden_states = layer_module(
                    ^^^^^^^^^^^^^
  File "/home/ubuntu/Github/childsafeads_emnllp/.venv/lib/python3.12/site-packages/transformers/modeling_layers.py", line 110, in __call__
    return super().__call__(*args, **kwargs)
           ^^^^^^^^^^^^^^^^^^^^^^^^^^^^^^^^^
  File "/home/ubuntu/Github/childsafeads_emnllp/.venv/lib/python3.12/site-packages/torch/nn/modules/module.py", line 1778, in _wrapped_call_impl
    return self._call_impl(*args, **kwargs)
           ^^^^^^^^^^^^^^^^^^^^^^^^^^^^^^^^
  File "/home/ubuntu/Github/childsafeads_emnllp/.venv/lib/python3.12/site-packages/torch/nn/modules/module.py", line 1789, in _call_impl
    return forward_call(*args, **kwargs)
           ^^^^^^^^^^^^^^^^^^^^^^^^^^^^^
  File "/home/ubuntu/Github/childsafeads_emnllp/.venv/lib/python3.12/site-packages/transformers/models/roberta/modeling_roberta.py", line 459, in forward
    layer_output = apply_chunking_to_forward(
                   ^^^^^^^^^^^^^^^^^^^^^^^^^^
  File "/home/ubuntu/Github/childsafeads_emnllp/.venv/lib/python3.12/site-packages/transformers/pytorch_utils.py", line 201, in apply_chunking_to_forward
    return forward_fn(*input_tensors)
           ^^^^^^^^^^^^^^^^^^^^^^^^^^
  File "/home/ubuntu/Github/childsafeads_emnllp/.venv/lib/python3.12/site-packages/transformers/models/roberta/modeling_roberta.py", line 465, in feed_forward_chunk
    intermediate_output = self.intermediate(attention_output)
                          ^^^^^^^^^^^^^^^^^^^^^^^^^^^^^^^^^^^
  File "/home/ubuntu/Github/childsafeads_emnllp/.venv/lib/python3.12/site-packages/torch/nn/modules/module.py", line 1778, in _wrapped_call_impl
    return self._call_impl(*args, **kwargs)
           ^^^^^^^^^^^^^^^^^^^^^^^^^^^^^^^^
  File "/home/ubuntu/Github/childsafeads_emnllp/.venv/lib/python3.12/site-packages/torch/nn/modules/module.py", line 1789, in _call_impl
    return forward_call(*args, **kwargs)
           ^^^^^^^^^^^^^^^^^^^^^^^^^^^^^
  File "/home/ubuntu/Github/childsafeads_emnllp/.venv/lib/python3.12/site-packages/transformers/models/roberta/modeling_roberta.py", line 387, in forward
    hidden_states = self.intermediate_act_fn(hidden_states)
                    ^^^^^^^^^^^^^^^^^^^^^^^^^^^^^^^^^^^^^^^
  File "/home/ubuntu/Github/childsafeads_emnllp/.venv/lib/python3.12/site-packages/torch/nn/modules/module.py", line 1778, in _wrapped_call_impl
    return self._call_impl(*args, **kwargs)
           ^^^^^^^^^^^^^^^^^^^^^^^^^^^^^^^^
  File "/home/ubuntu/Github/childsafeads_emnllp/.venv/lib/python3.12/site-packages/torch/nn/modules/module.py", line 1789, in _call_impl
    return forward_call(*args, **kwargs)
           ^^^^^^^^^^^^^^^^^^^^^^^^^^^^^
  File "/home/ubuntu/Github/childsafeads_emnllp/.venv/lib/python3.12/site-packages/transformers/activations.py", line 89, in forward
    return self.act(input)
           ^^^^^^^^^^^^^^^
torch.OutOfMemoryError: CUDA out of memory. Tried to allocate 96.00 MiB. GPU 0 has a total capacity of 22.06 GiB of which 10.12 MiB is free. Process 1149260 has 18.74 GiB memory in use. Including non-PyTorch memory, this process has 3.30 GiB memory in use. Of the allocated memory 2.95 GiB is allocated by PyTorch, and 51.69 MiB is reserved by PyTorch but unallocated. If reserved but unallocated memory is large try setting PYTORCH_CUDA_ALLOC_CONF=expandable_segments:True to avoid fragmentation.  See documentation for Memory Management  (https://docs.pytorch.org/docs/stable/notes/cuda.html#optimizing-memory-usage-with-pytorch-cuda-alloc-conf)
