2026-08-04 14:04:34,194 | INFO | MainThread | logging to runs/run_20260804_140434_lora_train_FacebookAI_roberta-base.log
2026-08-04 14:04:34,194 | INFO | MainThread | config: {'train': 'public_data_dev/train.jsonl', 'dev': 'public_data_dev/dev.jsonl', 'model': 'FacebookAI/roberta-base', 'context': 'full', 'max_length': 512, 'epochs': 200, 'batch_size': 16, 'grad_accum_steps': 1, 'lr': 0.0002, 'warmup_ratio': 0.06, 'lora_r': 256, 'lora_alpha': 16, 'lora_dropout': 0.1, 'target_modules': 'query,value', 'st2_loss_weight': 1.0, 'st3_loss_weight': 1.0, 'pos_weight': False, 'threshold': 0.5, 'sample_size': None, 'seed': 42, 'device': None, 'output_dir': 'runs/lora_roberta'} device=cuda
2026-08-04 14:04:34,295 | INFO | MainThread | train=2353 dev=504
2026-08-04 14:06:20,155 | INFO | MainThread | epoch 1: mean train loss = 2.7193
2026-08-04 14:06:30,252 | INFO | MainThread | epoch 1 dev metrics: st1_macro_f1=0.155, st2_macro_f1=0.056, st3_macro_f1=0.117, st3_family_macro_f1=0.319, mean_macro_f1=0.109
2026-08-04 14:06:30,327 | INFO | MainThread | epoch 1: new best mean_macro_f1=0.109, saved to runs/lora_roberta/best
2026-08-04 14:08:14,330 | INFO | MainThread | epoch 2: mean train loss = 2.0702
2026-08-04 14:08:24,463 | INFO | MainThread | epoch 2 dev metrics: st1_macro_f1=0.361, st2_macro_f1=0.000, st3_macro_f1=0.103, st3_family_macro_f1=0.200, mean_macro_f1=0.155
2026-08-04 14:08:24,575 | INFO | MainThread | epoch 2: new best mean_macro_f1=0.155, saved to runs/lora_roberta/best
2026-08-04 14:10:08,697 | INFO | MainThread | epoch 3: mean train loss = 1.4321
2026-08-04 14:10:18,788 | INFO | MainThread | epoch 3 dev metrics: st1_macro_f1=0.416, st2_macro_f1=0.008, st3_macro_f1=0.096, st3_family_macro_f1=0.298, mean_macro_f1=0.173
2026-08-04 14:10:18,852 | INFO | MainThread | epoch 3: new best mean_macro_f1=0.173, saved to runs/lora_roberta/best
2026-08-04 14:12:03,114 | INFO | MainThread | epoch 4: mean train loss = 1.1595
2026-08-04 14:12:13,264 | INFO | MainThread | epoch 4 dev metrics: st1_macro_f1=0.556, st2_macro_f1=0.150, st3_macro_f1=0.099, st3_family_macro_f1=0.295, mean_macro_f1=0.268
2026-08-04 14:12:13,325 | INFO | MainThread | epoch 4: new best mean_macro_f1=0.268, saved to runs/lora_roberta/best
2026-08-04 14:13:57,440 | INFO | MainThread | epoch 5: mean train loss = 1.0332
2026-08-04 14:14:07,592 | INFO | MainThread | epoch 5 dev metrics: st1_macro_f1=0.602, st2_macro_f1=0.217, st3_macro_f1=0.103, st3_family_macro_f1=0.300, mean_macro_f1=0.307
2026-08-04 14:14:07,652 | INFO | MainThread | epoch 5: new best mean_macro_f1=0.307, saved to runs/lora_roberta/best
2026-08-04 14:15:51,722 | INFO | MainThread | epoch 6: mean train loss = 0.9600
2026-08-04 14:16:01,901 | INFO | MainThread | epoch 6 dev metrics: st1_macro_f1=0.604, st2_macro_f1=0.247, st3_macro_f1=0.096, st3_family_macro_f1=0.295, mean_macro_f1=0.315
2026-08-04 14:16:01,960 | INFO | MainThread | epoch 6: new best mean_macro_f1=0.315, saved to runs/lora_roberta/best
2026-08-04 14:17:46,058 | INFO | MainThread | epoch 7: mean train loss = 0.9128
2026-08-04 14:17:56,251 | INFO | MainThread | epoch 7 dev metrics: st1_macro_f1=0.610, st2_macro_f1=0.342, st3_macro_f1=0.100, st3_family_macro_f1=0.298, mean_macro_f1=0.351
2026-08-04 14:17:56,301 | INFO | MainThread | epoch 7: new best mean_macro_f1=0.351, saved to runs/lora_roberta/best
2026-08-04 14:19:40,404 | INFO | MainThread | epoch 8: mean train loss = 0.8750
2026-08-04 14:19:50,451 | INFO | MainThread | epoch 8 dev metrics: st1_macro_f1=0.603, st2_macro_f1=0.422, st3_macro_f1=0.132, st3_family_macro_f1=0.320, mean_macro_f1=0.386
2026-08-04 14:19:50,508 | INFO | MainThread | epoch 8: new best mean_macro_f1=0.386, saved to runs/lora_roberta/best
2026-08-04 14:21:34,382 | INFO | MainThread | epoch 9: mean train loss = 0.8340
2026-08-04 14:21:44,551 | INFO | MainThread | epoch 9 dev metrics: st1_macro_f1=0.614, st2_macro_f1=0.427, st3_macro_f1=0.130, st3_family_macro_f1=0.330, mean_macro_f1=0.390
2026-08-04 14:21:44,616 | INFO | MainThread | epoch 9: new best mean_macro_f1=0.390, saved to runs/lora_roberta/best
2026-08-04 14:23:27,752 | INFO | MainThread | epoch 10: mean train loss = 0.7765
2026-08-04 14:23:37,742 | INFO | MainThread | epoch 10 dev metrics: st1_macro_f1=0.636, st2_macro_f1=0.419, st3_macro_f1=0.132, st3_family_macro_f1=0.328, mean_macro_f1=0.396
2026-08-04 14:23:37,803 | INFO | MainThread | epoch 10: new best mean_macro_f1=0.396, saved to runs/lora_roberta/best
2026-08-04 14:25:20,626 | INFO | MainThread | epoch 11: mean train loss = 0.7391
2026-08-04 14:25:30,529 | INFO | MainThread | epoch 11 dev metrics: st1_macro_f1=0.608, st2_macro_f1=0.480, st3_macro_f1=0.143, st3_family_macro_f1=0.321, mean_macro_f1=0.410
2026-08-04 14:25:30,581 | INFO | MainThread | epoch 11: new best mean_macro_f1=0.410, saved to runs/lora_roberta/best
2026-08-04 14:27:13,503 | INFO | MainThread | epoch 12: mean train loss = 0.7024
2026-08-04 14:27:23,361 | INFO | MainThread | epoch 12 dev metrics: st1_macro_f1=0.620, st2_macro_f1=0.452, st3_macro_f1=0.147, st3_family_macro_f1=0.325, mean_macro_f1=0.406
2026-08-04 14:29:06,377 | INFO | MainThread | epoch 13: mean train loss = 0.6768
2026-08-04 14:29:16,228 | INFO | MainThread | epoch 13 dev metrics: st1_macro_f1=0.618, st2_macro_f1=0.456, st3_macro_f1=0.156, st3_family_macro_f1=0.344, mean_macro_f1=0.410
2026-08-04 14:30:59,117 | INFO | MainThread | epoch 14: mean train loss = 0.6501
2026-08-04 14:31:09,106 | INFO | MainThread | epoch 14 dev metrics: st1_macro_f1=0.609, st2_macro_f1=0.524, st3_macro_f1=0.212, st3_family_macro_f1=0.408, mean_macro_f1=0.448
2026-08-04 14:31:09,158 | INFO | MainThread | epoch 14: new best mean_macro_f1=0.448, saved to runs/lora_roberta/best
2026-08-04 14:32:51,993 | INFO | MainThread | epoch 15: mean train loss = 0.6122
2026-08-04 14:33:01,845 | INFO | MainThread | epoch 15 dev metrics: st1_macro_f1=0.616, st2_macro_f1=0.521, st3_macro_f1=0.234, st3_family_macro_f1=0.422, mean_macro_f1=0.457
2026-08-04 14:33:01,891 | INFO | MainThread | epoch 15: new best mean_macro_f1=0.457, saved to runs/lora_roberta/best
2026-08-04 14:34:44,858 | INFO | MainThread | epoch 16: mean train loss = 0.5716
2026-08-04 14:34:54,752 | INFO | MainThread | epoch 16 dev metrics: st1_macro_f1=0.596, st2_macro_f1=0.509, st3_macro_f1=0.158, st3_family_macro_f1=0.340, mean_macro_f1=0.421
2026-08-04 14:36:37,628 | INFO | MainThread | epoch 17: mean train loss = 0.5410
2026-08-04 14:36:47,571 | INFO | MainThread | epoch 17 dev metrics: st1_macro_f1=0.667, st2_macro_f1=0.538, st3_macro_f1=0.285, st3_family_macro_f1=0.453, mean_macro_f1=0.497
2026-08-04 14:36:47,621 | INFO | MainThread | epoch 17: new best mean_macro_f1=0.497, saved to runs/lora_roberta/best
2026-08-04 14:38:30,471 | INFO | MainThread | epoch 18: mean train loss = 0.5166
2026-08-04 14:38:40,328 | INFO | MainThread | epoch 18 dev metrics: st1_macro_f1=0.645, st2_macro_f1=0.532, st3_macro_f1=0.212, st3_family_macro_f1=0.380, mean_macro_f1=0.463
2026-08-04 14:40:23,149 | INFO | MainThread | epoch 19: mean train loss = 0.5046
2026-08-04 14:40:33,010 | INFO | MainThread | epoch 19 dev metrics: st1_macro_f1=0.650, st2_macro_f1=0.564, st3_macro_f1=0.262, st3_family_macro_f1=0.442, mean_macro_f1=0.492
2026-08-04 14:42:15,936 | INFO | MainThread | epoch 20: mean train loss = 0.4796
2026-08-04 14:42:25,754 | INFO | MainThread | epoch 20 dev metrics: st1_macro_f1=0.630, st2_macro_f1=0.574, st3_macro_f1=0.325, st3_family_macro_f1=0.492, mean_macro_f1=0.510
2026-08-04 14:42:25,803 | INFO | MainThread | epoch 20: new best mean_macro_f1=0.510, saved to runs/lora_roberta/best
2026-08-04 14:44:08,707 | INFO | MainThread | epoch 21: mean train loss = 0.4756
2026-08-04 14:44:18,616 | INFO | MainThread | epoch 21 dev metrics: st1_macro_f1=0.617, st2_macro_f1=0.566, st3_macro_f1=0.298, st3_family_macro_f1=0.463, mean_macro_f1=0.494
2026-08-04 14:46:01,386 | INFO | MainThread | epoch 22: mean train loss = 0.4430
2026-08-04 14:46:11,316 | INFO | MainThread | epoch 22 dev metrics: st1_macro_f1=0.648, st2_macro_f1=0.602, st3_macro_f1=0.325, st3_family_macro_f1=0.513, mean_macro_f1=0.525
2026-08-04 14:46:11,365 | INFO | MainThread | epoch 22: new best mean_macro_f1=0.525, saved to runs/lora_roberta/best
2026-08-04 14:47:54,188 | INFO | MainThread | epoch 23: mean train loss = 0.4309
2026-08-04 14:48:04,001 | INFO | MainThread | epoch 23 dev metrics: st1_macro_f1=0.593, st2_macro_f1=0.557, st3_macro_f1=0.335, st3_family_macro_f1=0.493, mean_macro_f1=0.495
2026-08-04 14:49:46,967 | INFO | MainThread | epoch 24: mean train loss = 0.4293
2026-08-04 14:49:56,903 | INFO | MainThread | epoch 24 dev metrics: st1_macro_f1=0.656, st2_macro_f1=0.552, st3_macro_f1=0.325, st3_family_macro_f1=0.491, mean_macro_f1=0.511
2026-08-04 14:51:39,640 | INFO | MainThread | epoch 25: mean train loss = 0.4038
2026-08-04 14:51:49,543 | INFO | MainThread | epoch 25 dev metrics: st1_macro_f1=0.662, st2_macro_f1=0.617, st3_macro_f1=0.369, st3_family_macro_f1=0.553, mean_macro_f1=0.549
2026-08-04 14:51:49,595 | INFO | MainThread | epoch 25: new best mean_macro_f1=0.549, saved to runs/lora_roberta/best
2026-08-04 14:53:32,449 | INFO | MainThread | epoch 26: mean train loss = 0.3873
2026-08-04 14:53:42,410 | INFO | MainThread | epoch 26 dev metrics: st1_macro_f1=0.666, st2_macro_f1=0.626, st3_macro_f1=0.360, st3_family_macro_f1=0.546, mean_macro_f1=0.550
2026-08-04 14:53:42,462 | INFO | MainThread | epoch 26: new best mean_macro_f1=0.550, saved to runs/lora_roberta/best
2026-08-04 14:55:25,340 | INFO | MainThread | epoch 27: mean train loss = 0.3730
2026-08-04 14:55:35,268 | INFO | MainThread | epoch 27 dev metrics: st1_macro_f1=0.660, st2_macro_f1=0.621, st3_macro_f1=0.365, st3_family_macro_f1=0.561, mean_macro_f1=0.549
2026-08-04 14:57:18,203 | INFO | MainThread | epoch 28: mean train loss = 0.3701
2026-08-04 14:57:28,156 | INFO | MainThread | epoch 28 dev metrics: st1_macro_f1=0.661, st2_macro_f1=0.603, st3_macro_f1=0.348, st3_family_macro_f1=0.537, mean_macro_f1=0.537
2026-08-04 14:59:10,996 | INFO | MainThread | epoch 29: mean train loss = 0.3595
2026-08-04 14:59:20,937 | INFO | MainThread | epoch 29 dev metrics: st1_macro_f1=0.641, st2_macro_f1=0.577, st3_macro_f1=0.365, st3_family_macro_f1=0.545, mean_macro_f1=0.528
2026-08-04 15:01:03,789 | INFO | MainThread | epoch 30: mean train loss = 0.3584
2026-08-04 15:01:13,714 | INFO | MainThread | epoch 30 dev metrics: st1_macro_f1=0.660, st2_macro_f1=0.581, st3_macro_f1=0.367, st3_family_macro_f1=0.563, mean_macro_f1=0.536
2026-08-04 15:02:56,491 | INFO | MainThread | epoch 31: mean train loss = 0.3473
2026-08-04 15:03:06,382 | INFO | MainThread | epoch 31 dev metrics: st1_macro_f1=0.646, st2_macro_f1=0.605, st3_macro_f1=0.356, st3_family_macro_f1=0.548, mean_macro_f1=0.535
2026-08-04 15:04:49,171 | INFO | MainThread | epoch 32: mean train loss = 0.3419
2026-08-04 15:04:59,065 | INFO | MainThread | epoch 32 dev metrics: st1_macro_f1=0.659, st2_macro_f1=0.612, st3_macro_f1=0.321, st3_family_macro_f1=0.530, mean_macro_f1=0.531
2026-08-04 15:06:42,055 | INFO | MainThread | epoch 33: mean train loss = 0.3276
2026-08-04 15:06:51,924 | INFO | MainThread | epoch 33 dev metrics: st1_macro_f1=0.661, st2_macro_f1=0.631, st3_macro_f1=0.396, st3_family_macro_f1=0.600, mean_macro_f1=0.563
2026-08-04 15:06:51,974 | INFO | MainThread | epoch 33: new best mean_macro_f1=0.563, saved to runs/lora_roberta/best
2026-08-04 15:08:34,632 | INFO | MainThread | epoch 34: mean train loss = 0.3249
2026-08-04 15:08:44,646 | INFO | MainThread | epoch 34 dev metrics: st1_macro_f1=0.651, st2_macro_f1=0.604, st3_macro_f1=0.382, st3_family_macro_f1=0.559, mean_macro_f1=0.546
2026-08-04 15:10:27,526 | INFO | MainThread | epoch 35: mean train loss = 0.3122
2026-08-04 15:10:37,416 | INFO | MainThread | epoch 35 dev metrics: st1_macro_f1=0.658, st2_macro_f1=0.631, st3_macro_f1=0.378, st3_family_macro_f1=0.558, mean_macro_f1=0.556
2026-08-04 15:12:20,345 | INFO | MainThread | epoch 36: mean train loss = 0.3069
2026-08-04 15:12:30,167 | INFO | MainThread | epoch 36 dev metrics: st1_macro_f1=0.658, st2_macro_f1=0.623, st3_macro_f1=0.381, st3_family_macro_f1=0.560, mean_macro_f1=0.554
2026-08-04 15:14:12,994 | INFO | MainThread | epoch 37: mean train loss = 0.3014
2026-08-04 15:14:22,904 | INFO | MainThread | epoch 37 dev metrics: st1_macro_f1=0.662, st2_macro_f1=0.652, st3_macro_f1=0.389, st3_family_macro_f1=0.575, mean_macro_f1=0.568
2026-08-04 15:14:22,956 | INFO | MainThread | epoch 37: new best mean_macro_f1=0.568, saved to runs/lora_roberta/best
2026-08-04 15:16:05,572 | INFO | MainThread | epoch 38: mean train loss = 0.2941
2026-08-04 15:16:15,457 | INFO | MainThread | epoch 38 dev metrics: st1_macro_f1=0.648, st2_macro_f1=0.618, st3_macro_f1=0.431, st3_family_macro_f1=0.625, mean_macro_f1=0.566
2026-08-04 15:17:58,291 | INFO | MainThread | epoch 39: mean train loss = 0.2886
2026-08-04 15:18:08,288 | INFO | MainThread | epoch 39 dev metrics: st1_macro_f1=0.660, st2_macro_f1=0.606, st3_macro_f1=0.413, st3_family_macro_f1=0.621, mean_macro_f1=0.560
2026-08-04 15:19:51,066 | INFO | MainThread | epoch 40: mean train loss = 0.2852
2026-08-04 15:20:00,898 | INFO | MainThread | epoch 40 dev metrics: st1_macro_f1=0.658, st2_macro_f1=0.613, st3_macro_f1=0.418, st3_family_macro_f1=0.600, mean_macro_f1=0.563
2026-08-04 15:21:43,831 | INFO | MainThread | epoch 41: mean train loss = 0.2745
2026-08-04 15:21:53,748 | INFO | MainThread | epoch 41 dev metrics: st1_macro_f1=0.652, st2_macro_f1=0.619, st3_macro_f1=0.388, st3_family_macro_f1=0.559, mean_macro_f1=0.553
2026-08-04 15:23:36,635 | INFO | MainThread | epoch 42: mean train loss = 0.2657
2026-08-04 15:23:46,720 | INFO | MainThread | epoch 42 dev metrics: st1_macro_f1=0.660, st2_macro_f1=0.616, st3_macro_f1=0.415, st3_family_macro_f1=0.595, mean_macro_f1=0.564
2026-08-04 15:25:29,503 | INFO | MainThread | epoch 43: mean train loss = 0.2575
2026-08-04 15:25:39,361 | INFO | MainThread | epoch 43 dev metrics: st1_macro_f1=0.652, st2_macro_f1=0.618, st3_macro_f1=0.378, st3_family_macro_f1=0.574, mean_macro_f1=0.550
2026-08-04 15:27:22,024 | INFO | MainThread | epoch 44: mean train loss = 0.2508
2026-08-04 15:27:31,841 | INFO | MainThread | epoch 44 dev metrics: st1_macro_f1=0.650, st2_macro_f1=0.612, st3_macro_f1=0.385, st3_family_macro_f1=0.568, mean_macro_f1=0.549
2026-08-04 15:29:14,679 | INFO | MainThread | epoch 45: mean train loss = 0.2458
2026-08-04 15:29:24,473 | INFO | MainThread | epoch 45 dev metrics: st1_macro_f1=0.649, st2_macro_f1=0.627, st3_macro_f1=0.403, st3_family_macro_f1=0.576, mean_macro_f1=0.560
2026-08-04 15:31:07,167 | INFO | MainThread | epoch 46: mean train loss = 0.2434
2026-08-04 15:31:17,109 | INFO | MainThread | epoch 46 dev metrics: st1_macro_f1=0.630, st2_macro_f1=0.614, st3_macro_f1=0.400, st3_family_macro_f1=0.589, mean_macro_f1=0.548
2026-08-04 15:32:59,971 | INFO | MainThread | epoch 47: mean train loss = 0.2392
2026-08-04 15:33:09,812 | INFO | MainThread | epoch 47 dev metrics: st1_macro_f1=0.665, st2_macro_f1=0.603, st3_macro_f1=0.381, st3_family_macro_f1=0.555, mean_macro_f1=0.550
2026-08-04 15:34:52,677 | INFO | MainThread | epoch 48: mean train loss = 0.2279
2026-08-04 15:35:02,649 | INFO | MainThread | epoch 48 dev metrics: st1_macro_f1=0.645, st2_macro_f1=0.608, st3_macro_f1=0.419, st3_family_macro_f1=0.585, mean_macro_f1=0.557
2026-08-04 15:36:45,349 | INFO | MainThread | epoch 49: mean train loss = 0.2174
2026-08-04 15:36:55,272 | INFO | MainThread | epoch 49 dev metrics: st1_macro_f1=0.659, st2_macro_f1=0.608, st3_macro_f1=0.439, st3_family_macro_f1=0.598, mean_macro_f1=0.569
2026-08-04 15:36:55,385 | INFO | MainThread | epoch 49: new best mean_macro_f1=0.569, saved to runs/lora_roberta/best
2026-08-04 15:38:38,231 | INFO | MainThread | epoch 50: mean train loss = 0.2195
2026-08-04 15:38:48,252 | INFO | MainThread | epoch 50 dev metrics: st1_macro_f1=0.650, st2_macro_f1=0.610, st3_macro_f1=0.403, st3_family_macro_f1=0.590, mean_macro_f1=0.554
2026-08-04 15:40:31,142 | INFO | MainThread | epoch 51: mean train loss = 0.2046
2026-08-04 15:40:41,192 | INFO | MainThread | epoch 51 dev metrics: st1_macro_f1=0.647, st2_macro_f1=0.588, st3_macro_f1=0.411, st3_family_macro_f1=0.575, mean_macro_f1=0.549
2026-08-04 15:42:24,022 | INFO | MainThread | epoch 52: mean train loss = 0.2092
2026-08-04 15:42:33,821 | INFO | MainThread | epoch 52 dev metrics: st1_macro_f1=0.634, st2_macro_f1=0.603, st3_macro_f1=0.413, st3_family_macro_f1=0.569, mean_macro_f1=0.550
2026-08-04 15:44:16,704 | INFO | MainThread | epoch 53: mean train loss = 0.1979
2026-08-04 15:44:26,632 | INFO | MainThread | epoch 53 dev metrics: st1_macro_f1=0.639, st2_macro_f1=0.626, st3_macro_f1=0.415, st3_family_macro_f1=0.581, mean_macro_f1=0.560
2026-08-04 15:46:09,436 | INFO | MainThread | epoch 54: mean train loss = 0.1972
2026-08-04 15:46:19,484 | INFO | MainThread | epoch 54 dev metrics: st1_macro_f1=0.643, st2_macro_f1=0.605, st3_macro_f1=0.456, st3_family_macro_f1=0.620, mean_macro_f1=0.568
2026-08-04 15:48:02,264 | INFO | MainThread | epoch 55: mean train loss = 0.1837
2026-08-04 15:48:12,174 | INFO | MainThread | epoch 55 dev metrics: st1_macro_f1=0.648, st2_macro_f1=0.620, st3_macro_f1=0.445, st3_family_macro_f1=0.607, mean_macro_f1=0.571
2026-08-04 15:48:12,227 | INFO | MainThread | epoch 55: new best mean_macro_f1=0.571, saved to runs/lora_roberta/best
2026-08-04 15:49:55,049 | INFO | MainThread | epoch 56: mean train loss = 0.1777
2026-08-04 15:50:05,182 | INFO | MainThread | epoch 56 dev metrics: st1_macro_f1=0.658, st2_macro_f1=0.605, st3_macro_f1=0.414, st3_family_macro_f1=0.597, mean_macro_f1=0.559
2026-08-04 15:51:48,044 | INFO | MainThread | epoch 57: mean train loss = 0.1734
2026-08-04 15:51:57,881 | INFO | MainThread | epoch 57 dev metrics: st1_macro_f1=0.631, st2_macro_f1=0.616, st3_macro_f1=0.432, st3_family_macro_f1=0.600, mean_macro_f1=0.560
2026-08-04 15:53:40,656 | INFO | MainThread | epoch 58: mean train loss = 0.1757
2026-08-04 15:53:50,733 | INFO | MainThread | epoch 58 dev metrics: st1_macro_f1=0.664, st2_macro_f1=0.617, st3_macro_f1=0.402, st3_family_macro_f1=0.582, mean_macro_f1=0.561
2026-08-04 15:55:33,629 | INFO | MainThread | epoch 59: mean train loss = 0.1560
2026-08-04 15:55:43,514 | INFO | MainThread | epoch 59 dev metrics: st1_macro_f1=0.616, st2_macro_f1=0.588, st3_macro_f1=0.414, st3_family_macro_f1=0.571, mean_macro_f1=0.539
2026-08-04 15:57:26,316 | INFO | MainThread | epoch 60: mean train loss = 0.1563
2026-08-04 15:57:36,359 | INFO | MainThread | epoch 60 dev metrics: st1_macro_f1=0.649, st2_macro_f1=0.600, st3_macro_f1=0.406, st3_family_macro_f1=0.578, mean_macro_f1=0.551
2026-08-04 15:59:19,206 | INFO | MainThread | epoch 61: mean train loss = 0.1622
2026-08-04 15:59:29,126 | INFO | MainThread | epoch 61 dev metrics: st1_macro_f1=0.587, st2_macro_f1=0.625, st3_macro_f1=0.411, st3_family_macro_f1=0.570, mean_macro_f1=0.541
2026-08-04 16:01:11,916 | INFO | MainThread | epoch 62: mean train loss = 0.1473
2026-08-04 16:01:21,817 | INFO | MainThread | epoch 62 dev metrics: st1_macro_f1=0.640, st2_macro_f1=0.636, st3_macro_f1=0.429, st3_family_macro_f1=0.603, mean_macro_f1=0.568
2026-08-04 16:03:04,677 | INFO | MainThread | epoch 63: mean train loss = 0.1390
2026-08-04 16:03:14,610 | INFO | MainThread | epoch 63 dev metrics: st1_macro_f1=0.622, st2_macro_f1=0.635, st3_macro_f1=0.428, st3_family_macro_f1=0.600, mean_macro_f1=0.562
2026-08-04 16:04:57,373 | INFO | MainThread | epoch 64: mean train loss = 0.1373
2026-08-04 16:05:07,156 | INFO | MainThread | epoch 64 dev metrics: st1_macro_f1=0.631, st2_macro_f1=0.621, st3_macro_f1=0.448, st3_family_macro_f1=0.609, mean_macro_f1=0.567
2026-08-04 16:06:50,046 | INFO | MainThread | epoch 65: mean train loss = 0.1316
2026-08-04 16:06:59,964 | INFO | MainThread | epoch 65 dev metrics: st1_macro_f1=0.599, st2_macro_f1=0.590, st3_macro_f1=0.419, st3_family_macro_f1=0.574, mean_macro_f1=0.536
2026-08-04 16:08:42,828 | INFO | MainThread | epoch 66: mean train loss = 0.1296
2026-08-04 16:08:52,842 | INFO | MainThread | epoch 66 dev metrics: st1_macro_f1=0.616, st2_macro_f1=0.613, st3_macro_f1=0.404, st3_family_macro_f1=0.565, mean_macro_f1=0.545
2026-08-04 16:10:35,804 | INFO | MainThread | epoch 67: mean train loss = 0.1251
2026-08-04 16:10:45,841 | INFO | MainThread | epoch 67 dev metrics: st1_macro_f1=0.607, st2_macro_f1=0.620, st3_macro_f1=0.427, st3_family_macro_f1=0.591, mean_macro_f1=0.551
2026-08-04 16:12:28,722 | INFO | MainThread | epoch 68: mean train loss = 0.1211
2026-08-04 16:12:38,526 | INFO | MainThread | epoch 68 dev metrics: st1_macro_f1=0.628, st2_macro_f1=0.601, st3_macro_f1=0.436, st3_family_macro_f1=0.591, mean_macro_f1=0.555
2026-08-04 16:14:21,397 | INFO | MainThread | epoch 69: mean train loss = 0.1117
2026-08-04 16:14:31,296 | INFO | MainThread | epoch 69 dev metrics: st1_macro_f1=0.621, st2_macro_f1=0.616, st3_macro_f1=0.428, st3_family_macro_f1=0.590, mean_macro_f1=0.555
2026-08-04 16:16:13,900 | INFO | MainThread | epoch 70: mean train loss = 0.1123
2026-08-04 16:16:23,822 | INFO | MainThread | epoch 70 dev metrics: st1_macro_f1=0.619, st2_macro_f1=0.628, st3_macro_f1=0.439, st3_family_macro_f1=0.613, mean_macro_f1=0.562
2026-08-04 16:18:06,664 | INFO | MainThread | epoch 71: mean train loss = 0.1118
2026-08-04 16:18:16,540 | INFO | MainThread | epoch 71 dev metrics: st1_macro_f1=0.609, st2_macro_f1=0.607, st3_macro_f1=0.431, st3_family_macro_f1=0.595, mean_macro_f1=0.549
2026-08-04 16:19:59,380 | INFO | MainThread | epoch 72: mean train loss = 0.1065
2026-08-04 16:20:09,331 | INFO | MainThread | epoch 72 dev metrics: st1_macro_f1=0.607, st2_macro_f1=0.630, st3_macro_f1=0.417, st3_family_macro_f1=0.583, mean_macro_f1=0.551
2026-08-04 16:21:52,227 | INFO | MainThread | epoch 73: mean train loss = 0.0982
2026-08-04 16:22:02,073 | INFO | MainThread | epoch 73 dev metrics: st1_macro_f1=0.606, st2_macro_f1=0.619, st3_macro_f1=0.410, st3_family_macro_f1=0.582, mean_macro_f1=0.545
2026-08-04 16:23:44,876 | INFO | MainThread | epoch 74: mean train loss = 0.1017
2026-08-04 16:23:54,815 | INFO | MainThread | epoch 74 dev metrics: st1_macro_f1=0.617, st2_macro_f1=0.630, st3_macro_f1=0.442, st3_family_macro_f1=0.605, mean_macro_f1=0.563
2026-08-04 16:25:37,622 | INFO | MainThread | epoch 75: mean train loss = 0.0934
2026-08-04 16:25:47,621 | INFO | MainThread | epoch 75 dev metrics: st1_macro_f1=0.607, st2_macro_f1=0.604, st3_macro_f1=0.430, st3_family_macro_f1=0.590, mean_macro_f1=0.547
2026-08-04 16:27:30,516 | INFO | MainThread | epoch 76: mean train loss = 0.0901
2026-08-04 16:27:40,432 | INFO | MainThread | epoch 76 dev metrics: st1_macro_f1=0.603, st2_macro_f1=0.611, st3_macro_f1=0.400, st3_family_macro_f1=0.567, mean_macro_f1=0.538
2026-08-04 16:29:23,406 | INFO | MainThread | epoch 77: mean train loss = 0.0839
2026-08-04 16:29:33,225 | INFO | MainThread | epoch 77 dev metrics: st1_macro_f1=0.610, st2_macro_f1=0.618, st3_macro_f1=0.440, st3_family_macro_f1=0.603, mean_macro_f1=0.556
2026-08-04 16:31:16,005 | INFO | MainThread | epoch 78: mean train loss = 0.0822
2026-08-04 16:31:25,889 | INFO | MainThread | epoch 78 dev metrics: st1_macro_f1=0.584, st2_macro_f1=0.613, st3_macro_f1=0.448, st3_family_macro_f1=0.590, mean_macro_f1=0.548
2026-08-04 16:33:08,676 | INFO | MainThread | epoch 79: mean train loss = 0.0781
2026-08-04 16:33:18,615 | INFO | MainThread | epoch 79 dev metrics: st1_macro_f1=0.606, st2_macro_f1=0.637, st3_macro_f1=0.411, st3_family_macro_f1=0.593, mean_macro_f1=0.551
2026-08-04 16:35:01,356 | INFO | MainThread | epoch 80: mean train loss = 0.0797
2026-08-04 16:35:11,252 | INFO | MainThread | epoch 80 dev metrics: st1_macro_f1=0.595, st2_macro_f1=0.602, st3_macro_f1=0.420, st3_family_macro_f1=0.585, mean_macro_f1=0.539
2026-08-04 16:36:54,243 | INFO | MainThread | epoch 81: mean train loss = 0.0770
2026-08-04 16:37:04,139 | INFO | MainThread | epoch 81 dev metrics: st1_macro_f1=0.604, st2_macro_f1=0.609, st3_macro_f1=0.425, st3_family_macro_f1=0.585, mean_macro_f1=0.546
2026-08-04 16:38:46,985 | INFO | MainThread | epoch 82: mean train loss = 0.0750
2026-08-04 16:38:56,851 | INFO | MainThread | epoch 82 dev metrics: st1_macro_f1=0.611, st2_macro_f1=0.614, st3_macro_f1=0.446, st3_family_macro_f1=0.593, mean_macro_f1=0.557
2026-08-04 16:40:39,617 | INFO | MainThread | epoch 83: mean train loss = 0.0748
2026-08-04 16:40:49,564 | INFO | MainThread | epoch 83 dev metrics: st1_macro_f1=0.618, st2_macro_f1=0.623, st3_macro_f1=0.438, st3_family_macro_f1=0.596, mean_macro_f1=0.560
2026-08-04 16:42:32,195 | INFO | MainThread | epoch 84: mean train loss = 0.0685
2026-08-04 16:42:42,106 | INFO | MainThread | epoch 84 dev metrics: st1_macro_f1=0.661, st2_macro_f1=0.601, st3_macro_f1=0.425, st3_family_macro_f1=0.585, mean_macro_f1=0.562
2026-08-04 16:44:24,991 | INFO | MainThread | epoch 85: mean train loss = 0.0638
2026-08-04 16:44:34,854 | INFO | MainThread | epoch 85 dev metrics: st1_macro_f1=0.594, st2_macro_f1=0.612, st3_macro_f1=0.435, st3_family_macro_f1=0.592, mean_macro_f1=0.547
2026-08-04 16:46:17,508 | INFO | MainThread | epoch 86: mean train loss = 0.0619
2026-08-04 16:46:27,404 | INFO | MainThread | epoch 86 dev metrics: st1_macro_f1=0.598, st2_macro_f1=0.619, st3_macro_f1=0.435, st3_family_macro_f1=0.584, mean_macro_f1=0.551
2026-08-04 16:48:10,261 | INFO | MainThread | epoch 87: mean train loss = 0.0676
2026-08-04 16:48:20,109 | INFO | MainThread | epoch 87 dev metrics: st1_macro_f1=0.617, st2_macro_f1=0.587, st3_macro_f1=0.434, st3_family_macro_f1=0.609, mean_macro_f1=0.546
2026-08-04 16:50:02,967 | INFO | MainThread | epoch 88: mean train loss = 0.0590
2026-08-04 16:50:12,834 | INFO | MainThread | epoch 88 dev metrics: st1_macro_f1=0.616, st2_macro_f1=0.628, st3_macro_f1=0.426, st3_family_macro_f1=0.604, mean_macro_f1=0.557
2026-08-04 16:51:55,653 | INFO | MainThread | epoch 89: mean train loss = 0.0552
2026-08-04 16:52:05,552 | INFO | MainThread | epoch 89 dev metrics: st1_macro_f1=0.602, st2_macro_f1=0.609, st3_macro_f1=0.401, st3_family_macro_f1=0.580, mean_macro_f1=0.538
2026-08-04 16:53:48,484 | INFO | MainThread | epoch 90: mean train loss = 0.0560
2026-08-04 16:53:58,400 | INFO | MainThread | epoch 90 dev metrics: st1_macro_f1=0.606, st2_macro_f1=0.630, st3_macro_f1=0.422, st3_family_macro_f1=0.589, mean_macro_f1=0.553
2026-08-04 16:55:41,199 | INFO | MainThread | epoch 91: mean train loss = 0.0546
2026-08-04 16:55:51,183 | INFO | MainThread | epoch 91 dev metrics: st1_macro_f1=0.595, st2_macro_f1=0.623, st3_macro_f1=0.426, st3_family_macro_f1=0.585, mean_macro_f1=0.548
2026-08-04 16:57:34,026 | INFO | MainThread | epoch 92: mean train loss = 0.0530
2026-08-04 16:57:43,857 | INFO | MainThread | epoch 92 dev metrics: st1_macro_f1=0.605, st2_macro_f1=0.626, st3_macro_f1=0.425, st3_family_macro_f1=0.592, mean_macro_f1=0.552
2026-08-04 16:59:26,597 | INFO | MainThread | epoch 93: mean train loss = 0.0491
2026-08-04 16:59:36,427 | INFO | MainThread | epoch 93 dev metrics: st1_macro_f1=0.624, st2_macro_f1=0.633, st3_macro_f1=0.428, st3_family_macro_f1=0.594, mean_macro_f1=0.562
2026-08-04 17:01:19,324 | INFO | MainThread | epoch 94: mean train loss = 0.0509
2026-08-04 17:01:29,377 | INFO | MainThread | epoch 94 dev metrics: st1_macro_f1=0.627, st2_macro_f1=0.619, st3_macro_f1=0.426, st3_family_macro_f1=0.576, mean_macro_f1=0.557
2026-08-04 17:03:12,141 | INFO | MainThread | epoch 95: mean train loss = 0.0474
2026-08-04 17:03:22,146 | INFO | MainThread | epoch 95 dev metrics: st1_macro_f1=0.599, st2_macro_f1=0.626, st3_macro_f1=0.420, st3_family_macro_f1=0.586, mean_macro_f1=0.548
2026-08-04 17:05:04,746 | INFO | MainThread | epoch 96: mean train loss = 0.0471
2026-08-04 17:05:14,514 | INFO | MainThread | epoch 96 dev metrics: st1_macro_f1=0.605, st2_macro_f1=0.604, st3_macro_f1=0.428, st3_family_macro_f1=0.596, mean_macro_f1=0.546
2026-08-04 17:06:57,239 | INFO | MainThread | epoch 97: mean train loss = 0.0417
2026-08-04 17:07:07,091 | INFO | MainThread | epoch 97 dev metrics: st1_macro_f1=0.630, st2_macro_f1=0.610, st3_macro_f1=0.437, st3_family_macro_f1=0.596, mean_macro_f1=0.559
2026-08-04 17:08:49,781 | INFO | MainThread | epoch 98: mean train loss = 0.0420
2026-08-04 17:08:59,730 | INFO | MainThread | epoch 98 dev metrics: st1_macro_f1=0.602, st2_macro_f1=0.630, st3_macro_f1=0.438, st3_family_macro_f1=0.586, mean_macro_f1=0.557
2026-08-04 17:10:42,408 | INFO | MainThread | epoch 99: mean train loss = 0.0397
2026-08-04 17:10:52,418 | INFO | MainThread | epoch 99 dev metrics: st1_macro_f1=0.598, st2_macro_f1=0.613, st3_macro_f1=0.433, st3_family_macro_f1=0.583, mean_macro_f1=0.548
2026-08-04 17:12:35,209 | INFO | MainThread | epoch 100: mean train loss = 0.0403
2026-08-04 17:12:45,019 | INFO | MainThread | epoch 100 dev metrics: st1_macro_f1=0.594, st2_macro_f1=0.634, st3_macro_f1=0.441, st3_family_macro_f1=0.596, mean_macro_f1=0.556
2026-08-04 17:14:27,900 | INFO | MainThread | epoch 101: mean train loss = 0.0403
2026-08-04 17:14:37,830 | INFO | MainThread | epoch 101 dev metrics: st1_macro_f1=0.596, st2_macro_f1=0.624, st3_macro_f1=0.430, st3_family_macro_f1=0.602, mean_macro_f1=0.550
2026-08-04 17:16:20,560 | INFO | MainThread | epoch 102: mean train loss = 0.0380
2026-08-04 17:16:30,640 | INFO | MainThread | epoch 102 dev metrics: st1_macro_f1=0.594, st2_macro_f1=0.611, st3_macro_f1=0.436, st3_family_macro_f1=0.600, mean_macro_f1=0.547
2026-08-04 17:18:13,436 | INFO | MainThread | epoch 103: mean train loss = 0.0409
2026-08-04 17:18:23,342 | INFO | MainThread | epoch 103 dev metrics: st1_macro_f1=0.594, st2_macro_f1=0.611, st3_macro_f1=0.421, st3_family_macro_f1=0.595, mean_macro_f1=0.542
2026-08-04 17:20:06,268 | INFO | MainThread | epoch 104: mean train loss = 0.0345
2026-08-04 17:20:16,082 | INFO | MainThread | epoch 104 dev metrics: st1_macro_f1=0.602, st2_macro_f1=0.633, st3_macro_f1=0.433, st3_family_macro_f1=0.598, mean_macro_f1=0.556
2026-08-04 17:21:58,965 | INFO | MainThread | epoch 105: mean train loss = 0.0343
2026-08-04 17:22:08,804 | INFO | MainThread | epoch 105 dev metrics: st1_macro_f1=0.612, st2_macro_f1=0.628, st3_macro_f1=0.412, st3_family_macro_f1=0.580, mean_macro_f1=0.551
2026-08-04 17:23:51,481 | INFO | MainThread | epoch 106: mean train loss = 0.0342
2026-08-04 17:24:01,543 | INFO | MainThread | epoch 106 dev metrics: st1_macro_f1=0.617, st2_macro_f1=0.622, st3_macro_f1=0.422, st3_family_macro_f1=0.584, mean_macro_f1=0.554
2026-08-04 17:25:44,229 | INFO | MainThread | epoch 107: mean train loss = 0.0313
2026-08-04 17:25:54,180 | INFO | MainThread | epoch 107 dev metrics: st1_macro_f1=0.597, st2_macro_f1=0.624, st3_macro_f1=0.460, st3_family_macro_f1=0.608, mean_macro_f1=0.560
2026-08-04 17:27:36,981 | INFO | MainThread | epoch 108: mean train loss = 0.0330
2026-08-04 17:27:46,789 | INFO | MainThread | epoch 108 dev metrics: st1_macro_f1=0.601, st2_macro_f1=0.629, st3_macro_f1=0.445, st3_family_macro_f1=0.589, mean_macro_f1=0.559
2026-08-04 17:29:29,461 | INFO | MainThread | epoch 109: mean train loss = 0.0326
2026-08-04 17:29:39,333 | INFO | MainThread | epoch 109 dev metrics: st1_macro_f1=0.595, st2_macro_f1=0.634, st3_macro_f1=0.438, st3_family_macro_f1=0.600, mean_macro_f1=0.556
2026-08-04 17:31:21,866 | INFO | MainThread | epoch 110: mean train loss = 0.0317
2026-08-04 17:31:31,874 | INFO | MainThread | epoch 110 dev metrics: st1_macro_f1=0.600, st2_macro_f1=0.607, st3_macro_f1=0.443, st3_family_macro_f1=0.594, mean_macro_f1=0.550
2026-08-04 17:33:14,582 | INFO | MainThread | epoch 111: mean train loss = 0.0330
2026-08-04 17:33:24,447 | INFO | MainThread | epoch 111 dev metrics: st1_macro_f1=0.598, st2_macro_f1=0.633, st3_macro_f1=0.421, st3_family_macro_f1=0.577, mean_macro_f1=0.551
2026-08-04 17:35:07,301 | INFO | MainThread | epoch 112: mean train loss = 0.0297
2026-08-04 17:35:17,129 | INFO | MainThread | epoch 112 dev metrics: st1_macro_f1=0.609, st2_macro_f1=0.625, st3_macro_f1=0.421, st3_family_macro_f1=0.588, mean_macro_f1=0.552
2026-08-04 17:36:59,939 | INFO | MainThread | epoch 113: mean train loss = 0.0290
2026-08-04 17:37:09,810 | INFO | MainThread | epoch 113 dev metrics: st1_macro_f1=0.589, st2_macro_f1=0.628, st3_macro_f1=0.443, st3_family_macro_f1=0.583, mean_macro_f1=0.553
2026-08-04 17:38:52,519 | INFO | MainThread | epoch 114: mean train loss = 0.0283
2026-08-04 17:39:02,493 | INFO | MainThread | epoch 114 dev metrics: st1_macro_f1=0.603, st2_macro_f1=0.625, st3_macro_f1=0.429, st3_family_macro_f1=0.580, mean_macro_f1=0.553
2026-08-04 17:40:45,217 | INFO | MainThread | epoch 115: mean train loss = 0.0275
2026-08-04 17:40:55,170 | INFO | MainThread | epoch 115 dev metrics: st1_macro_f1=0.598, st2_macro_f1=0.637, st3_macro_f1=0.407, st3_family_macro_f1=0.590, mean_macro_f1=0.547
2026-08-04 17:42:37,947 | INFO | MainThread | epoch 116: mean train loss = 0.0276
2026-08-04 17:42:47,799 | INFO | MainThread | epoch 116 dev metrics: st1_macro_f1=0.600, st2_macro_f1=0.623, st3_macro_f1=0.401, st3_family_macro_f1=0.566, mean_macro_f1=0.541
2026-08-04 17:44:30,764 | INFO | MainThread | epoch 117: mean train loss = 0.0272
2026-08-04 17:44:40,568 | INFO | MainThread | epoch 117 dev metrics: st1_macro_f1=0.603, st2_macro_f1=0.605, st3_macro_f1=0.420, st3_family_macro_f1=0.590, mean_macro_f1=0.543
2026-08-04 17:46:23,084 | INFO | MainThread | epoch 118: mean train loss = 0.0241
2026-08-04 17:46:33,124 | INFO | MainThread | epoch 118 dev metrics: st1_macro_f1=0.596, st2_macro_f1=0.616, st3_macro_f1=0.400, st3_family_macro_f1=0.573, mean_macro_f1=0.537
2026-08-04 17:48:15,867 | INFO | MainThread | epoch 119: mean train loss = 0.0246
2026-08-04 17:48:25,639 | INFO | MainThread | epoch 119 dev metrics: st1_macro_f1=0.612, st2_macro_f1=0.634, st3_macro_f1=0.384, st3_family_macro_f1=0.553, mean_macro_f1=0.543
2026-08-04 17:50:08,476 | INFO | MainThread | epoch 120: mean train loss = 0.0250
2026-08-04 17:50:18,319 | INFO | MainThread | epoch 120 dev metrics: st1_macro_f1=0.605, st2_macro_f1=0.633, st3_macro_f1=0.386, st3_family_macro_f1=0.568, mean_macro_f1=0.541
2026-08-04 17:52:01,241 | INFO | MainThread | epoch 121: mean train loss = 0.0248
2026-08-04 17:52:11,087 | INFO | MainThread | epoch 121 dev metrics: st1_macro_f1=0.615, st2_macro_f1=0.626, st3_macro_f1=0.404, st3_family_macro_f1=0.579, mean_macro_f1=0.548
2026-08-04 17:53:53,701 | INFO | MainThread | epoch 122: mean train loss = 0.0230
2026-08-04 17:54:03,673 | INFO | MainThread | epoch 122 dev metrics: st1_macro_f1=0.614, st2_macro_f1=0.625, st3_macro_f1=0.388, st3_family_macro_f1=0.573, mean_macro_f1=0.542
2026-08-04 17:55:46,528 | INFO | MainThread | epoch 123: mean train loss = 0.0229
2026-08-04 17:55:56,397 | INFO | MainThread | epoch 123 dev metrics: st1_macro_f1=0.594, st2_macro_f1=0.610, st3_macro_f1=0.419, st3_family_macro_f1=0.587, mean_macro_f1=0.541
2026-08-04 17:57:39,262 | INFO | MainThread | epoch 124: mean train loss = 0.0223
2026-08-04 17:57:49,042 | INFO | MainThread | epoch 124 dev metrics: st1_macro_f1=0.596, st2_macro_f1=0.622, st3_macro_f1=0.401, st3_family_macro_f1=0.580, mean_macro_f1=0.540
2026-08-04 17:59:31,808 | INFO | MainThread | epoch 125: mean train loss = 0.0214
2026-08-04 17:59:41,675 | INFO | MainThread | epoch 125 dev metrics: st1_macro_f1=0.592, st2_macro_f1=0.620, st3_macro_f1=0.398, st3_family_macro_f1=0.572, mean_macro_f1=0.537
2026-08-04 18:01:24,366 | INFO | MainThread | epoch 126: mean train loss = 0.0219
2026-08-04 18:01:34,319 | INFO | MainThread | epoch 126 dev metrics: st1_macro_f1=0.601, st2_macro_f1=0.637, st3_macro_f1=0.400, st3_family_macro_f1=0.579, mean_macro_f1=0.546
2026-08-04 18:03:17,089 | INFO | MainThread | epoch 127: mean train loss = 0.0200
2026-08-04 18:03:26,867 | INFO | MainThread | epoch 127 dev metrics: st1_macro_f1=0.600, st2_macro_f1=0.624, st3_macro_f1=0.415, st3_family_macro_f1=0.577, mean_macro_f1=0.546
2026-08-04 18:05:09,915 | INFO | MainThread | epoch 128: mean train loss = 0.0196
2026-08-04 18:05:19,768 | INFO | MainThread | epoch 128 dev metrics: st1_macro_f1=0.596, st2_macro_f1=0.634, st3_macro_f1=0.408, st3_family_macro_f1=0.566, mean_macro_f1=0.546
2026-08-04 18:07:02,518 | INFO | MainThread | epoch 129: mean train loss = 0.0172
2026-08-04 18:07:12,397 | INFO | MainThread | epoch 129 dev metrics: st1_macro_f1=0.618, st2_macro_f1=0.624, st3_macro_f1=0.442, st3_family_macro_f1=0.591, mean_macro_f1=0.561
2026-08-04 18:08:55,136 | INFO | MainThread | epoch 130: mean train loss = 0.0179
2026-08-04 18:09:05,162 | INFO | MainThread | epoch 130 dev metrics: st1_macro_f1=0.605, st2_macro_f1=0.630, st3_macro_f1=0.426, st3_family_macro_f1=0.574, mean_macro_f1=0.554
2026-08-04 18:10:48,004 | INFO | MainThread | epoch 131: mean train loss = 0.0178
2026-08-04 18:10:57,760 | INFO | MainThread | epoch 131 dev metrics: st1_macro_f1=0.609, st2_macro_f1=0.628, st3_macro_f1=0.415, st3_family_macro_f1=0.573, mean_macro_f1=0.551
2026-08-04 18:12:40,723 | INFO | MainThread | epoch 132: mean train loss = 0.0202
2026-08-04 18:12:50,549 | INFO | MainThread | epoch 132 dev metrics: st1_macro_f1=0.601, st2_macro_f1=0.624, st3_macro_f1=0.406, st3_family_macro_f1=0.581, mean_macro_f1=0.544
2026-08-04 18:14:33,368 | INFO | MainThread | epoch 133: mean train loss = 0.0167
2026-08-04 18:14:43,263 | INFO | MainThread | epoch 133 dev metrics: st1_macro_f1=0.607, st2_macro_f1=0.627, st3_macro_f1=0.380, st3_family_macro_f1=0.559, mean_macro_f1=0.538
2026-08-04 18:16:26,057 | INFO | MainThread | epoch 134: mean train loss = 0.0185
2026-08-04 18:16:35,968 | INFO | MainThread | epoch 134 dev metrics: st1_macro_f1=0.600, st2_macro_f1=0.622, st3_macro_f1=0.408, st3_family_macro_f1=0.589, mean_macro_f1=0.544
2026-08-04 18:18:18,810 | INFO | MainThread | epoch 135: mean train loss = 0.0171
2026-08-04 18:18:28,560 | INFO | MainThread | epoch 135 dev metrics: st1_macro_f1=0.610, st2_macro_f1=0.620, st3_macro_f1=0.409, st3_family_macro_f1=0.578, mean_macro_f1=0.546
2026-08-04 18:20:11,513 | INFO | MainThread | epoch 136: mean train loss = 0.0162
2026-08-04 18:20:21,410 | INFO | MainThread | epoch 136 dev metrics: st1_macro_f1=0.602, st2_macro_f1=0.627, st3_macro_f1=0.380, st3_family_macro_f1=0.573, mean_macro_f1=0.536
2026-08-04 18:22:04,129 | INFO | MainThread | epoch 137: mean train loss = 0.0164
2026-08-04 18:22:14,096 | INFO | MainThread | epoch 137 dev metrics: st1_macro_f1=0.602, st2_macro_f1=0.628, st3_macro_f1=0.384, st3_family_macro_f1=0.567, mean_macro_f1=0.538
2026-08-04 18:23:56,911 | INFO | MainThread | epoch 138: mean train loss = 0.0160
2026-08-04 18:24:06,937 | INFO | MainThread | epoch 138 dev metrics: st1_macro_f1=0.606, st2_macro_f1=0.622, st3_macro_f1=0.417, st3_family_macro_f1=0.585, mean_macro_f1=0.548
2026-08-04 18:25:49,859 | INFO | MainThread | epoch 139: mean train loss = 0.0175
2026-08-04 18:25:59,674 | INFO | MainThread | epoch 139 dev metrics: st1_macro_f1=0.600, st2_macro_f1=0.610, st3_macro_f1=0.416, st3_family_macro_f1=0.579, mean_macro_f1=0.542
2026-08-04 18:27:42,558 | INFO | MainThread | epoch 140: mean train loss = 0.0160
2026-08-04 18:27:52,432 | INFO | MainThread | epoch 140 dev metrics: st1_macro_f1=0.606, st2_macro_f1=0.626, st3_macro_f1=0.418, st3_family_macro_f1=0.578, mean_macro_f1=0.550
2026-08-04 18:29:35,353 | INFO | MainThread | epoch 141: mean train loss = 0.0149
2026-08-04 18:29:45,325 | INFO | MainThread | epoch 141 dev metrics: st1_macro_f1=0.602, st2_macro_f1=0.622, st3_macro_f1=0.418, st3_family_macro_f1=0.578, mean_macro_f1=0.547
2026-08-04 18:31:28,081 | INFO | MainThread | epoch 142: mean train loss = 0.0145
2026-08-04 18:31:38,048 | INFO | MainThread | epoch 142 dev metrics: st1_macro_f1=0.614, st2_macro_f1=0.623, st3_macro_f1=0.382, st3_family_macro_f1=0.545, mean_macro_f1=0.539
2026-08-04 18:33:20,804 | INFO | MainThread | epoch 143: mean train loss = 0.0155
2026-08-04 18:33:30,682 | INFO | MainThread | epoch 143 dev metrics: st1_macro_f1=0.634, st2_macro_f1=0.619, st3_macro_f1=0.422, st3_family_macro_f1=0.589, mean_macro_f1=0.559
2026-08-04 18:35:14,039 | INFO | MainThread | epoch 144: mean train loss = 0.0129
2026-08-04 18:35:24,171 | INFO | MainThread | epoch 144 dev metrics: st1_macro_f1=0.642, st2_macro_f1=0.620, st3_macro_f1=0.421, st3_family_macro_f1=0.586, mean_macro_f1=0.561
2026-08-04 18:37:08,035 | INFO | MainThread | epoch 145: mean train loss = 0.0139
2026-08-04 18:37:17,888 | INFO | MainThread | epoch 145 dev metrics: st1_macro_f1=0.606, st2_macro_f1=0.619, st3_macro_f1=0.417, st3_family_macro_f1=0.580, mean_macro_f1=0.547
2026-08-04 18:39:01,805 | INFO | MainThread | epoch 146: mean train loss = 0.0149
2026-08-04 18:39:12,157 | INFO | MainThread | epoch 146 dev metrics: st1_macro_f1=0.640, st2_macro_f1=0.621, st3_macro_f1=0.403, st3_family_macro_f1=0.565, mean_macro_f1=0.555
2026-08-04 18:40:55,538 | INFO | MainThread | epoch 147: mean train loss = 0.0138
2026-08-04 18:41:05,653 | INFO | MainThread | epoch 147 dev metrics: st1_macro_f1=0.620, st2_macro_f1=0.619, st3_macro_f1=0.386, st3_family_macro_f1=0.561, mean_macro_f1=0.542
2026-08-04 18:42:49,694 | INFO | MainThread | epoch 148: mean train loss = 0.0130
2026-08-04 18:42:59,851 | INFO | MainThread | epoch 148 dev metrics: st1_macro_f1=0.597, st2_macro_f1=0.627, st3_macro_f1=0.412, st3_family_macro_f1=0.574, mean_macro_f1=0.545
2026-08-04 18:44:44,159 | INFO | MainThread | epoch 149: mean train loss = 0.0139
2026-08-04 18:44:54,359 | INFO | MainThread | epoch 149 dev metrics: st1_macro_f1=0.608, st2_macro_f1=0.613, st3_macro_f1=0.416, st3_family_macro_f1=0.570, mean_macro_f1=0.546
2026-08-04 18:46:38,659 | INFO | MainThread | epoch 150: mean train loss = 0.0131
2026-08-04 18:46:48,736 | INFO | MainThread | epoch 150 dev metrics: st1_macro_f1=0.614, st2_macro_f1=0.621, st3_macro_f1=0.402, st3_family_macro_f1=0.562, mean_macro_f1=0.545
2026-08-04 18:48:31,557 | INFO | MainThread | epoch 151: mean train loss = 0.0132
2026-08-04 18:48:41,592 | INFO | MainThread | epoch 151 dev metrics: st1_macro_f1=0.644, st2_macro_f1=0.614, st3_macro_f1=0.406, st3_family_macro_f1=0.560, mean_macro_f1=0.555
2026-08-04 18:50:25,329 | INFO | MainThread | epoch 152: mean train loss = 0.0138
2026-08-04 18:50:35,415 | INFO | MainThread | epoch 152 dev metrics: st1_macro_f1=0.609, st2_macro_f1=0.621, st3_macro_f1=0.413, st3_family_macro_f1=0.569, mean_macro_f1=0.548
2026-08-04 18:52:19,575 | INFO | MainThread | epoch 153: mean train loss = 0.0124
2026-08-04 18:52:29,720 | INFO | MainThread | epoch 153 dev metrics: st1_macro_f1=0.583, st2_macro_f1=0.599, st3_macro_f1=0.402, st3_family_macro_f1=0.565, mean_macro_f1=0.528
2026-08-04 18:54:13,971 | INFO | MainThread | epoch 154: mean train loss = 0.0116
2026-08-04 18:54:24,082 | INFO | MainThread | epoch 154 dev metrics: st1_macro_f1=0.609, st2_macro_f1=0.624, st3_macro_f1=0.391, st3_family_macro_f1=0.551, mean_macro_f1=0.541
2026-08-04 18:56:07,955 | INFO | MainThread | epoch 155: mean train loss = 0.0127
2026-08-04 18:56:18,244 | INFO | MainThread | epoch 155 dev metrics: st1_macro_f1=0.587, st2_macro_f1=0.612, st3_macro_f1=0.410, st3_family_macro_f1=0.578, mean_macro_f1=0.536
2026-08-04 18:58:02,089 | INFO | MainThread | epoch 156: mean train loss = 0.0112
2026-08-04 18:58:12,388 | INFO | MainThread | epoch 156 dev metrics: st1_macro_f1=0.607, st2_macro_f1=0.619, st3_macro_f1=0.439, st3_family_macro_f1=0.599, mean_macro_f1=0.555
2026-08-04 18:59:56,467 | INFO | MainThread | epoch 157: mean train loss = 0.0135
2026-08-04 19:00:06,597 | INFO | MainThread | epoch 157 dev metrics: st1_macro_f1=0.605, st2_macro_f1=0.623, st3_macro_f1=0.383, st3_family_macro_f1=0.548, mean_macro_f1=0.537
2026-08-04 19:01:50,724 | INFO | MainThread | epoch 158: mean train loss = 0.0130
2026-08-04 19:02:00,831 | INFO | MainThread | epoch 158 dev metrics: st1_macro_f1=0.605, st2_macro_f1=0.609, st3_macro_f1=0.401, st3_family_macro_f1=0.579, mean_macro_f1=0.539
2026-08-04 19:03:44,903 | INFO | MainThread | epoch 159: mean train loss = 0.0115
2026-08-04 19:03:55,017 | INFO | MainThread | epoch 159 dev metrics: st1_macro_f1=0.600, st2_macro_f1=0.624, st3_macro_f1=0.399, st3_family_macro_f1=0.576, mean_macro_f1=0.541
2026-08-04 19:05:38,953 | INFO | MainThread | epoch 160: mean train loss = 0.0102
2026-08-04 19:05:49,174 | INFO | MainThread | epoch 160 dev metrics: st1_macro_f1=0.603, st2_macro_f1=0.615, st3_macro_f1=0.407, st3_family_macro_f1=0.575, mean_macro_f1=0.542
2026-08-04 19:07:33,221 | INFO | MainThread | epoch 161: mean train loss = 0.0102
2026-08-04 19:07:43,380 | INFO | MainThread | epoch 161 dev metrics: st1_macro_f1=0.598, st2_macro_f1=0.629, st3_macro_f1=0.419, st3_family_macro_f1=0.584, mean_macro_f1=0.549
2026-08-04 19:09:26,978 | INFO | MainThread | epoch 162: mean train loss = 0.0098
2026-08-04 19:09:37,122 | INFO | MainThread | epoch 162 dev metrics: st1_macro_f1=0.588, st2_macro_f1=0.624, st3_macro_f1=0.420, st3_family_macro_f1=0.579, mean_macro_f1=0.544
2026-08-04 19:11:21,154 | INFO | MainThread | epoch 163: mean train loss = 0.0099
2026-08-04 19:11:31,284 | INFO | MainThread | epoch 163 dev metrics: st1_macro_f1=0.588, st2_macro_f1=0.628, st3_macro_f1=0.381, st3_family_macro_f1=0.556, mean_macro_f1=0.533
2026-08-04 19:13:15,354 | INFO | MainThread | epoch 164: mean train loss = 0.0101
2026-08-04 19:13:25,561 | INFO | MainThread | epoch 164 dev metrics: st1_macro_f1=0.603, st2_macro_f1=0.621, st3_macro_f1=0.394, st3_family_macro_f1=0.565, mean_macro_f1=0.539
2026-08-04 19:15:09,637 | INFO | MainThread | epoch 165: mean train loss = 0.0099
2026-08-04 19:15:19,923 | INFO | MainThread | epoch 165 dev metrics: st1_macro_f1=0.586, st2_macro_f1=0.618, st3_macro_f1=0.407, st3_family_macro_f1=0.574, mean_macro_f1=0.537
2026-08-04 19:17:03,983 | INFO | MainThread | epoch 166: mean train loss = 0.0100
2026-08-04 19:17:13,860 | INFO | MainThread | epoch 166 dev metrics: st1_macro_f1=0.593, st2_macro_f1=0.609, st3_macro_f1=0.371, st3_family_macro_f1=0.543, mean_macro_f1=0.524
2026-08-04 19:18:56,503 | INFO | MainThread | epoch 167: mean train loss = 0.0093
2026-08-04 19:19:06,210 | INFO | MainThread | epoch 167 dev metrics: st1_macro_f1=0.597, st2_macro_f1=0.625, st3_macro_f1=0.396, st3_family_macro_f1=0.551, mean_macro_f1=0.540
2026-08-04 19:20:49,631 | INFO | MainThread | epoch 168: mean train loss = 0.0093
2026-08-04 19:20:59,664 | INFO | MainThread | epoch 168 dev metrics: st1_macro_f1=0.587, st2_macro_f1=0.611, st3_macro_f1=0.364, st3_family_macro_f1=0.535, mean_macro_f1=0.520
2026-08-04 19:22:43,631 | INFO | MainThread | epoch 169: mean train loss = 0.0109
2026-08-04 19:22:53,949 | INFO | MainThread | epoch 169 dev metrics: st1_macro_f1=0.587, st2_macro_f1=0.624, st3_macro_f1=0.372, st3_family_macro_f1=0.546, mean_macro_f1=0.528
2026-08-04 19:24:37,883 | INFO | MainThread | epoch 170: mean train loss = 0.0091
2026-08-04 19:24:48,135 | INFO | MainThread | epoch 170 dev metrics: st1_macro_f1=0.599, st2_macro_f1=0.621, st3_macro_f1=0.400, st3_family_macro_f1=0.572, mean_macro_f1=0.540
2026-08-04 19:26:31,890 | INFO | MainThread | epoch 171: mean train loss = 0.0084
2026-08-04 19:26:42,055 | INFO | MainThread | epoch 171 dev metrics: st1_macro_f1=0.588, st2_macro_f1=0.626, st3_macro_f1=0.385, st3_family_macro_f1=0.562, mean_macro_f1=0.533
2026-08-04 19:28:26,088 | INFO | MainThread | epoch 172: mean train loss = 0.0094
2026-08-04 19:28:36,229 | INFO | MainThread | epoch 172 dev metrics: st1_macro_f1=0.611, st2_macro_f1=0.611, st3_macro_f1=0.384, st3_family_macro_f1=0.549, mean_macro_f1=0.535
2026-08-04 19:30:20,022 | INFO | MainThread | epoch 173: mean train loss = 0.0087
2026-08-04 19:30:29,932 | INFO | MainThread | epoch 173 dev metrics: st1_macro_f1=0.595, st2_macro_f1=0.617, st3_macro_f1=0.396, st3_family_macro_f1=0.551, mean_macro_f1=0.536
2026-08-04 19:32:13,540 | INFO | MainThread | epoch 174: mean train loss = 0.0088
2026-08-04 19:32:23,755 | INFO | MainThread | epoch 174 dev metrics: st1_macro_f1=0.609, st2_macro_f1=0.615, st3_macro_f1=0.405, st3_family_macro_f1=0.569, mean_macro_f1=0.543
2026-08-04 19:34:07,760 | INFO | MainThread | epoch 175: mean train loss = 0.0086
2026-08-04 19:34:17,975 | INFO | MainThread | epoch 175 dev metrics: st1_macro_f1=0.583, st2_macro_f1=0.613, st3_macro_f1=0.403, st3_family_macro_f1=0.571, mean_macro_f1=0.533
2026-08-04 19:36:02,029 | INFO | MainThread | epoch 176: mean train loss = 0.0085
2026-08-04 19:36:12,151 | INFO | MainThread | epoch 176 dev metrics: st1_macro_f1=0.588, st2_macro_f1=0.615, st3_macro_f1=0.386, st3_family_macro_f1=0.554, mean_macro_f1=0.530
2026-08-04 19:37:56,218 | INFO | MainThread | epoch 177: mean train loss = 0.0089
2026-08-04 19:38:06,378 | INFO | MainThread | epoch 177 dev metrics: st1_macro_f1=0.608, st2_macro_f1=0.624, st3_macro_f1=0.397, st3_family_macro_f1=0.568, mean_macro_f1=0.543
2026-08-04 19:39:50,425 | INFO | MainThread | epoch 178: mean train loss = 0.0086
2026-08-04 19:40:00,317 | INFO | MainThread | epoch 178 dev metrics: st1_macro_f1=0.602, st2_macro_f1=0.619, st3_macro_f1=0.379, st3_family_macro_f1=0.550, mean_macro_f1=0.533
2026-08-04 19:41:43,088 | INFO | MainThread | epoch 179: mean train loss = 0.0085
2026-08-04 19:41:53,159 | INFO | MainThread | epoch 179 dev metrics: st1_macro_f1=0.614, st2_macro_f1=0.624, st3_macro_f1=0.399, st3_family_macro_f1=0.572, mean_macro_f1=0.545
2026-08-04 19:43:36,042 | INFO | MainThread | epoch 180: mean train loss = 0.0079
2026-08-04 19:43:45,959 | INFO | MainThread | epoch 180 dev metrics: st1_macro_f1=0.615, st2_macro_f1=0.624, st3_macro_f1=0.398, st3_family_macro_f1=0.564, mean_macro_f1=0.546
2026-08-04 19:45:28,818 | INFO | MainThread | epoch 181: mean train loss = 0.0082
2026-08-04 19:45:38,643 | INFO | MainThread | epoch 181 dev metrics: st1_macro_f1=0.597, st2_macro_f1=0.622, st3_macro_f1=0.418, st3_family_macro_f1=0.571, mean_macro_f1=0.546
2026-08-04 19:47:21,404 | INFO | MainThread | epoch 182: mean train loss = 0.0076
2026-08-04 19:47:31,323 | INFO | MainThread | epoch 182 dev metrics: st1_macro_f1=0.581, st2_macro_f1=0.621, st3_macro_f1=0.404, st3_family_macro_f1=0.558, mean_macro_f1=0.535
2026-08-04 19:49:14,015 | INFO | MainThread | epoch 183: mean train loss = 0.0081
2026-08-04 19:49:23,996 | INFO | MainThread | epoch 183 dev metrics: st1_macro_f1=0.584, st2_macro_f1=0.615, st3_macro_f1=0.409, st3_family_macro_f1=0.565, mean_macro_f1=0.536
2026-08-04 19:51:06,888 | INFO | MainThread | epoch 184: mean train loss = 0.0079
2026-08-04 19:51:16,823 | INFO | MainThread | epoch 184 dev metrics: st1_macro_f1=0.602, st2_macro_f1=0.622, st3_macro_f1=0.412, st3_family_macro_f1=0.571, mean_macro_f1=0.545
2026-08-04 19:52:59,693 | INFO | MainThread | epoch 185: mean train loss = 0.0075
2026-08-04 19:53:09,520 | INFO | MainThread | epoch 185 dev metrics: st1_macro_f1=0.595, st2_macro_f1=0.615, st3_macro_f1=0.422, st3_family_macro_f1=0.577, mean_macro_f1=0.544
2026-08-04 19:54:52,260 | INFO | MainThread | epoch 186: mean train loss = 0.0070
2026-08-04 19:55:02,105 | INFO | MainThread | epoch 186 dev metrics: st1_macro_f1=0.604, st2_macro_f1=0.622, st3_macro_f1=0.396, st3_family_macro_f1=0.561, mean_macro_f1=0.540
2026-08-04 19:56:44,999 | INFO | MainThread | epoch 187: mean train loss = 0.0068
2026-08-04 19:56:54,812 | INFO | MainThread | epoch 187 dev metrics: st1_macro_f1=0.603, st2_macro_f1=0.620, st3_macro_f1=0.411, st3_family_macro_f1=0.572, mean_macro_f1=0.545
2026-08-04 19:58:37,465 | INFO | MainThread | epoch 188: mean train loss = 0.0067
2026-08-04 19:58:47,448 | INFO | MainThread | epoch 188 dev metrics: st1_macro_f1=0.612, st2_macro_f1=0.623, st3_macro_f1=0.412, st3_family_macro_f1=0.571, mean_macro_f1=0.549
2026-08-04 20:00:30,338 | INFO | MainThread | epoch 189: mean train loss = 0.0068
2026-08-04 20:00:40,121 | INFO | MainThread | epoch 189 dev metrics: st1_macro_f1=0.605, st2_macro_f1=0.622, st3_macro_f1=0.398, st3_family_macro_f1=0.566, mean_macro_f1=0.542
2026-08-04 20:02:22,907 | INFO | MainThread | epoch 190: mean train loss = 0.0069
2026-08-04 20:02:32,863 | INFO | MainThread | epoch 190 dev metrics: st1_macro_f1=0.613, st2_macro_f1=0.623, st3_macro_f1=0.413, st3_family_macro_f1=0.571, mean_macro_f1=0.550
2026-08-04 20:04:15,557 | INFO | MainThread | epoch 191: mean train loss = 0.0076
2026-08-04 20:04:25,535 | INFO | MainThread | epoch 191 dev metrics: st1_macro_f1=0.596, st2_macro_f1=0.620, st3_macro_f1=0.401, st3_family_macro_f1=0.560, mean_macro_f1=0.539
2026-08-04 20:06:08,297 | INFO | MainThread | epoch 192: mean train loss = 0.0069
2026-08-04 20:06:18,168 | INFO | MainThread | epoch 192 dev metrics: st1_macro_f1=0.599, st2_macro_f1=0.620, st3_macro_f1=0.401, st3_family_macro_f1=0.565, mean_macro_f1=0.540
2026-08-04 20:08:00,998 | INFO | MainThread | epoch 193: mean train loss = 0.0065
2026-08-04 20:08:10,847 | INFO | MainThread | epoch 193 dev metrics: st1_macro_f1=0.599, st2_macro_f1=0.620, st3_macro_f1=0.387, st3_family_macro_f1=0.544, mean_macro_f1=0.536
2026-08-04 20:09:53,562 | INFO | MainThread | epoch 194: mean train loss = 0.0064
2026-08-04 20:10:03,384 | INFO | MainThread | epoch 194 dev metrics: st1_macro_f1=0.608, st2_macro_f1=0.620, st3_macro_f1=0.394, st3_family_macro_f1=0.552, mean_macro_f1=0.541
2026-08-04 20:11:46,187 | INFO | MainThread | epoch 195: mean train loss = 0.0068
2026-08-04 20:11:56,019 | INFO | MainThread | epoch 195 dev metrics: st1_macro_f1=0.614, st2_macro_f1=0.612, st3_macro_f1=0.397, st3_family_macro_f1=0.561, mean_macro_f1=0.541
2026-08-04 20:13:38,681 | INFO | MainThread | epoch 196: mean train loss = 0.0065
2026-08-04 20:13:48,572 | INFO | MainThread | epoch 196 dev metrics: st1_macro_f1=0.610, st2_macro_f1=0.608, st3_macro_f1=0.390, st3_family_macro_f1=0.558, mean_macro_f1=0.536
2026-08-04 20:15:31,541 | INFO | MainThread | epoch 197: mean train loss = 0.0062
2026-08-04 20:15:41,504 | INFO | MainThread | epoch 197 dev metrics: st1_macro_f1=0.612, st2_macro_f1=0.612, st3_macro_f1=0.392, st3_family_macro_f1=0.556, mean_macro_f1=0.538
2026-08-04 20:17:24,300 | INFO | MainThread | epoch 198: mean train loss = 0.0066
2026-08-04 20:17:34,180 | INFO | MainThread | epoch 198 dev metrics: st1_macro_f1=0.614, st2_macro_f1=0.613, st3_macro_f1=0.397, st3_family_macro_f1=0.560, mean_macro_f1=0.541
2026-08-04 20:19:16,962 | INFO | MainThread | epoch 199: mean train loss = 0.0062
2026-08-04 20:19:26,859 | INFO | MainThread | epoch 199 dev metrics: st1_macro_f1=0.613, st2_macro_f1=0.618, st3_macro_f1=0.390, st3_family_macro_f1=0.553, mean_macro_f1=0.540
2026-08-04 20:21:09,640 | INFO | MainThread | epoch 200: mean train loss = 0.0063
2026-08-04 20:21:19,531 | INFO | MainThread | epoch 200 dev metrics: st1_macro_f1=0.613, st2_macro_f1=0.611, st3_macro_f1=0.397, st3_family_macro_f1=0.557, mean_macro_f1=0.540
2026-08-04 20:21:19,714 | INFO | MainThread | saved final epoch adapter to runs/lora_roberta/last (best dev mean_macro_f1=0.571)
